


VALORES DE LAS CONSTANTES EN ESTE CALCULO
    Constantes fisicas segun CODATA 2010
velocidad de la luz en m/s                      299792458.0
radio de Bohr en A                           0.529177210670
k_Boltzmann en eV/K                        8.6173324000E-05
hbarra*c en MeV*fm                           197.3269718000
uma en MeV/c**2                              931.4940610000
hbar**2/(2m) en uma*K A**2                    24.2543684668
hbar**2/(2m) en uma* cm-1                     16.8576292014
1 cm-1 en K                                    1.4387769583
K en meV                                       0.0861329640
hbar**2/(2m) en uma*eV A**2                    2.0891006466
Esquema de ocupacion de los espines
N de atomos de helio3       0   1   2   3   4   5   6   7   8
Ocupacion up                0   1   1   2   3   4   4   4   4
Ocupacion down              0   0   1   1   1   1   2   3   4
Si hay mas de 8 he3: polarizacion de espin minima
pi                                              3.141592654



DATOS DEL SISTEMA
Energias en meV y distancias en A



DATOS DEL SISTEMA
calculo sin interaccion               F
masa helio 4 en uma            4.002600
masa helio 3 en uma            3.016040
numero de atomos de he4              20
numero de atomos de he3               0
atomos en la impureza molecular       2
atomo  1   nombre  H  masa      1.00783
atomo  2   nombre  H  masa      1.00783
    distancia en A                 H H    1.05887
Coordenadas de los atomos en el sistema intrinseco
 H    0.0000000   0.0000000  -0.5294355
 H    0.0000000   0.0000000   0.5294355
 CM en el sistema intrinseco   0.000000
tipo de potencial X-He                4
fichero potencial X-He       heh2m.pot
la impureza se traslada               T
la impureza no se traslada            F
la impureza rota                      T



DATOS MONTE CARLO
semilla num aleatorios               11
opcion de calculo                     4
enermin energia minima                T
minimiza energia con Metropolis
delta pasos metropolis he4     0.960000
delta pasos metropolis he3     1.000000
delta pasos metropol impureza  0.295000
delta giros metropol grados   55.700000
delta giros metropol rad       0.972148
etrial energia prueba dmc  -631.8000000
dtau paso de tiempo dmc        0.000100
bloques de equilibrio                 1
pasos de descorrelacion              10
bloques de calculo                   59
pasos por bloque                     20
numero de walkers                  1000
pasos para cambiar etrial            10



DATOS FUNCION DE ONDA
     << f(r)=exp(-0.5*(b/r)**nu+alfa*r) >> 
     << eta(r)=bb/r**3) >> 
b he4, incremento simplex                3.139383  0.100000
nu he4, incremento simplex               4.725025 -0.400000
alfa he4, incremento simplex             0.009428 -0.000700
b he3, incremento simplex                0.000000  0.000000
nu he3, incremento simplex               1.000000  0.000000
alfa he3, incremento simplex             1.000000  0.000000
bb backflow, incremento simplex          0.000000  0.000000
b mezclas, incremento simplex            0.000000  0.000000
nu mezclas, incremento simplex           1.000000  0.000000
alfa mezclas, incremento simplex         0.000000  0.000000
     << f_l(r)=exp(-0.5*(b_l/r)**nu_l+alfa*r**p4_l-p5_l*ln(r)) >> 
lmax Legendre impureza-he4                      4
l=    0  b he4                           1.680309 -0.120000
l=    0  nu he4                          9.763290  0.800000
l=    0  alfa he4                        0.643208 -0.050000
l=    0  p4 he4                          0.129298  0.030000
l=    0  p5 he4                         13.568705 -0.700000
l=    1  b he4                           0.000000  0.000000
l=    1  nu he4                          1.000000  0.000000
l=    1  alfa he4                        0.000000  0.000000
l=    1  p4 he4                          0.000000  0.000000
l=    1  p5 he4                          0.000000  0.000000
l=    2  b he4                           3.033954 -0.100000
l=    2  nu he4                          3.155952 -0.150000
l=    2  alfa he4                        0.004908  0.000500
l=    2  p4 he4                          0.084248  0.007000
l=    2  p5 he4                          0.000706 -0.000060
l=    3  b he4                           0.000000  0.000000
l=    3  nu he4                          1.000000  0.000000
l=    3  alfa he4                        0.000000  0.000000
l=    3  p4 he4                          0.000000  0.000000
l=    3  p5 he4                          0.000000  0.000000
l=    4  b he4                           0.732198  0.080000
l=    4  nu he4                         11.036848 -0.900000
l=    4  alfa he4                        0.078598  0.008000
l=    4  p4 he4                          0.096948  0.004000
l=    4  p5 he4                          0.020823  0.002000
lmax Legendre impureza-he3                      0
l=    0  b he3                           0.000000  0.000000
l=    0  nu he3                          0.000000  0.000000
l=    0  alfa he3                        1.000000  0.000000
l=    0  p4 he3                          1.000000  0.000000
l=    0  p5 he3                          0.000000  0.000000



numero de constituyentes del sistema           21
numero de atomos en la gota (he4 y he3)        20
numero de cm que se trasladan                  21
hay impureza en la gota                         T
nombre de la impureza                            HH        
masa de la impureza en uma               2.015650
la impureza es una molecula                     T
momento de inercia molecular             0.564991
la molecula rota                                T
la impureza realiza traslacion                  T
constituyentes del sistema=atomos en la gota+1           21        21
cm que se trasladan=constituyentes del sistema           21        21

hb2/(2*mhe4) en meV A**2       0.521936
hb2/(2*mhe3) en meV A**2       0.692663

hb2/(2*mx) en meV A**2         1.036440
B=hb2/(2*I) en meV             3.697585
B=hb2/(2*I) en cm-1           29.837006
B=hb2/(2*I) en MHz    894490.9400763081
J, E_J=J*(J+1)*B en meV     1   7.39517
J, E_J=J*(J+1)*B en meV     2  22.18551
J, E_J=J*(J+1)*B en meV     3  44.37101
J, E_J=J*(J+1)*B en meV     4  73.95169
J, E_J=J*(J+1)*B en meV     5 110.92754
J, E_J=J*(J+1)*B en meV     6 155.29855

Parametros he4:    0.5*(b**nu),nu,alfa      111.31963     4.72502     0.00943
Parametros he3:    0.5*(b**nu),nu,alfa,bb     0.00000     1.00000     1.00000     0.00000
Parametros mezcla: 0.5*(b**nu),nu,alfa        0.00000     1.00000     0.00000
Parametros impureza he4: 0.5*(b**nu),nu,alfa,p4,p5
l=  0                   79.34319     9.76329     0.64321     0.12930    13.56870
l=  1                    0.00000     1.00000     0.00000     0.00000     0.00000
l=  2                   16.60226     3.15595     0.00491     0.08425     0.00071
l=  3                    0.00000     1.00000     0.00000     0.00000     0.00000
l=  4                    0.01603    11.03685     0.07860     0.09695     0.02082
Parametros impureza he3: 0.5*(b**nu),nu,alfa,p4,p5
l=  0                    0.50000     0.00000     1.00000     1.00000     0.00000
Leyendo los parametros del potencial H2p-He
Referencia potencial         He-H2+ Breton et al. Preprint 2023



                   NOMBRE DEL CALCULO: 20.00.HH        



DATOS CALCULO EN PARALELO
procesos en cada maquina (solo PVM)             2
calculo en serie
numero de calculos                              1
 proceso numero           1
 numero de walkers en este proceso        1000
 semilla para este proceso       98330646220102


DATOS DE LAS CONFIGURACIONES INICIALES
configuraciones segun fichero                   1
    configuraciones leidas del fichero          1
    Se usan las configuraciones del fichero
    en el fichero hay menos configuraciones de las necesarias
configuraciones que hay que repetir           999
se eligen aleatoriamente las que se repiten
se usa esta semilla                      98330646220102
configuraciones iniciales totales            1000
energia media                               -615.5737694990
elegimos el walker                            277
energia del walker                          -615.5737694990
e poten del walker                         -1078.0865541324
 *****************************************************



 *****************************************************
 Comienza el 16 de Agosto de 2026,  16:20:32. 18
 Calculo en el ordenador: blanca-Victus-by-HP-Gaming-Laptop-15-fb3xxx
 *****************************************************


================================================================================
                   CALCULO Diffusion Monte Carlo
================================================================================
==================Bloques para EQUILIBRIO=======================================
    Bloque  Blq/Proc   Proceso <E_bloque>       <E_calculo>   <E_growth>   <Poblacion> 
       1       1       1   -619.26367514   -619.26367514   -606.67416037    992.75
=====================Bloques de CALCULO=========================================
    Bloque  Blq/Proc   Proceso <E_bloque>       <E_calculo>   <E_growth>   <Poblacion> 
       1       1       1   -638.96547449   -638.96547449   -637.18930021    993.20
       2       2       1   -663.04882741   -651.00715095   -651.21227712   1013.70
       3       3       1   -673.76326269   -658.59252153   -658.24959637   1032.88
       4       4       1   -681.59072661   -664.34207280   -664.55053019   1047.15
       5       5       1   -692.90666717   -670.05499167   -670.07790845   1060.11
       6       6       1   -693.87333549   -674.02471564   -673.08996095   1070.01
       7       7       1   -698.78396069   -677.56175065   -676.78376759   1078.76
       8       8       1   -696.36169909   -679.91174420   -679.46019523   1086.19
       9       9       1   -694.69628904   -681.55447141   -682.24392794   1093.23
      10      10       1   -697.98886627   -683.19791089   -684.00874285   1098.37
      11      11       1   -701.49610220   -684.86138283   -685.36579927   1102.86
      12      12       1   -704.04462516   -686.45998636   -686.38331820   1106.08
      13      13       1   -694.32212563   -687.06476630   -687.05892561   1109.05
      14      14       1   -696.59648769   -687.74560354   -687.81318205   1111.19
      15      15       1   -692.28688089   -688.04835537   -688.65056641   1113.61
      16      16       1   -697.47677280   -688.63763146   -688.92576106   1115.10
      17      17       1   -703.57114029   -689.51607315   -689.06640544   1116.10
      18      18       1   -696.76611785   -689.91885341   -689.47821292   1117.25
      19      19       1   -694.00183266   -690.13374706   -689.71860774   1118.21
      20      20       1   -692.57780596   -690.25595000   -689.84033567   1118.43
      21      21       1   -695.49903672   -690.50562080   -690.31528955   1119.28
      22      22       1   -690.15228721   -690.48956018   -690.27475478   1119.90
      23      23       1   -690.93239031   -690.50881367   -690.34279968   1120.08
      24      24       1   -688.45941044   -690.42342186   -690.21872361   1120.41
      25      25       1   -681.78518121   -690.07789224   -689.99251742   1120.44
      26      26       1   -684.36969290   -689.85834611   -689.88847566   1120.04
      27      27       1   -680.25072273   -689.50250821   -689.30915448   1119.51
      28      28       1   -681.53320553   -689.21789025   -688.86604922   1118.59
      29      29       1   -676.44515712   -688.77745118   -688.35729542   1117.68
      30      30       1   -673.78247699   -688.27761871   -687.97517413   1116.79
      31      31       1   -671.73464350   -687.74397435   -687.45109611   1115.96
      32      32       1   -668.97033365   -687.15729807   -686.66223705   1114.80
      33      33       1   -671.08915413   -686.67038462   -686.45159750   1113.84
      34      34       1   -669.07532248   -686.15288279   -686.16802875   1113.23
      35      35       1   -670.71025777   -685.71166494   -685.76184574   1112.50
      36      36       1   -670.70387428   -685.29478186   -685.03780226   1111.46
      37      37       1   -680.07269978   -685.15364451   -684.92469869   1110.80
      38      38       1   -673.27911050   -684.84115677   -684.68811443   1110.31
      39      39       1   -674.75744837   -684.58260015   -684.34969132   1109.66
      40      40       1   -674.73750895   -684.33647287   -684.01980398   1109.15
      41      41       1   -671.66174624   -684.02733319   -683.54589545   1108.20
      42      42       1   -676.44255073   -683.84674313   -683.41784312   1107.57
      43      43       1   -670.53947726   -683.53727183   -683.07618288   1107.07
      44      44       1   -667.70213976   -683.17738247   -682.93588684   1106.62
      45      45       1   -666.66743963   -682.81049485   -682.42823031   1105.95
      46      46       1   -671.78164098   -682.57073716   -682.24509749   1105.33
      47      47       1   -662.55924299   -682.14496069   -681.83523194   1104.74
      48      48       1   -660.99518653   -681.70434039   -681.26990435   1103.84
      49      49       1   -661.24562853   -681.28681566   -680.88404435   1102.88
      50      50       1   -664.12939645   -680.94366727   -680.58167545   1102.06
      51      51       1   -661.59987895   -680.56437731   -680.18920536   1101.38
      52      52       1   -658.05472632   -680.13149940   -679.78983415   1100.61
      53      53       1   -661.70199062   -679.78377282   -679.40992880   1099.76
      54      54       1   -665.03251318   -679.51060135   -679.23102780   1099.11
      55      55       1   -664.27041976   -679.23350714   -678.94355507   1098.62
      56      56       1   -664.52204999   -678.97080255   -678.70749028   1098.08
      57      57       1   -661.84154125   -678.67028919   -678.30207725   1097.37
      58      58       1   -666.56630072   -678.46159973   -678.13769499   1096.74
      59      59       1   -657.54733588   -678.10712068   -677.71637420   1096.18
================================================================================


================================================================================
         RESULTADOS DEL CALCULO        
================================================================================
Resultados en meV
meV Energia cinetica     =  0.0001000      216.8892255393 +/-       5.08029696
meV Energia potencial    =  0.0001000     -894.9963462238 +/-       5.22931668
meV Energia total        =  0.0001000     -678.1071206844 +/-       1.90956945
meV Energia rotacion     =  0.0001000       54.6802679186 +/-       1.54912649
meV Energia trasl impur  =  0.0001000       60.5877717057 +/-       1.70362961
meV Energia growth       =  0.0001000     -677.7163741965 +/-       1.99489364
meV Poblacion media      =  0.0001000     1096.1771186441 +/-       4.37278212
meV Estadistica          =  0.0001000    2.1923542373E+04 +/-   8.74556423E+01
================================================================================
Resultados en K
K Energia cinetica       =  0.0001000     2518.0745606305 +/-      58.98202879
K Energia potencial      =  0.0001000   -10390.8690054992 +/-      60.71214125
K Energia total          =  0.0001000    -7872.7944448687 +/-      22.17001903
K Energia rotacion       =  0.0001000      634.8355538262 +/-      17.98529174
K Energia trasl impur    =  0.0001000      703.4214181823 +/-      19.77906638
K Energia growth         =  0.0001000    -7868.2578949851 +/-      23.16062915
================================================================================
Resultados en cm-1
cm-1 Energia cinetica    =  0.0001000     1750.1493515602 +/-      40.99456031
cm-1 Energia potencial   =  0.0001000    -7222.0151604917 +/-      42.19704861
cm-1 Energia total       =  0.0001000    -5471.8658089314 +/-      15.40893388
cm-1 Energia rotacion    =  0.0001000      441.2327777133 +/-      12.50040296
cm-1 Energia trasl impur =  0.0001000      488.9023375849 +/-      13.74713868
cm-1 Energia growth      =  0.0001000    -5468.7127490653 +/-      16.09744236
================================================================================
Poblacion media      =   1.272657E+04 +/-  5.07678E+01
Estadistica          =   2.545314E+05 +/-  1.01536E+03



 *****************************************************
 Finaliza el 16 de Agosto de 2026,  16:21:55.338
 Calculo en el ordenador: blanca-Victus-by-HP-Gaming-Laptop-15-fb3xxx
 *****************************************************


 *****************************************************
 tiempo de CPU en s   83.3153229    
 tiempo de CPU en m   1.38858867    
 tiempo de CPU en h   2.31431443E-02
 tiempo de CPU en d   9.64297738E-04
 *****************************************************
Note: The following floating-point exceptions are signalling: IEEE_DENORMAL
energia final de las configuraciones        -615.5737694990
 numero de walkers que tengo finales        1000
 numero de walkers de partida en la simulacion        1000
