


VALORES DE LAS CONSTANTES EN ESTE CALCULO
    Constantes fisicas segun CODATA 2010
velocidad de la luz en m/s                      299792458.0
radio de Bohr en A                           0.529177210670
k_Boltzmann en eV/K                        8.6173324000E-05
hbarra*c en MeV*fm                           197.3269718000
uma en MeV/c**2                              931.4940610000
hbar**2/(2m) en uma*K A**2                    24.2543684668
hbar**2/(2m) en uma* cm-1                     16.8576292014
1 cm-1 en K                                    1.4387769583
K en meV                                       0.0861329640
hbar**2/(2m) en uma*eV A**2                    2.0891006466
Esquema de ocupacion de los espines
N de atomos de helio3       0   1   2   3   4   5   6   7   8
Ocupacion up                0   1   1   2   3   4   4   4   4
Ocupacion down              0   0   1   1   1   1   2   3   4
Si hay mas de 8 he3: polarizacion de espin minima
pi                                              3.141592654



DATOS DEL SISTEMA
Energias en meV y distancias en A



DATOS DEL SISTEMA
calculo sin interaccion               F
masa helio 4 en uma            4.002600
masa helio 3 en uma            3.016040
numero de atomos de he4              20
numero de atomos de he3               0
atomos en la impureza molecular       2
atomo  1   nombre  H  masa      1.00783
atomo  2   nombre  H  masa      1.00783
    distancia en A                 H H    1.05887
Coordenadas de los atomos en el sistema intrinseco
 H    0.0000000   0.0000000  -0.5294355
 H    0.0000000   0.0000000   0.5294355
 CM en el sistema intrinseco   0.000000
tipo de potencial X-He                4
fichero potencial X-He       heh2m.pot
la impureza se traslada               T
la impureza no se traslada            F
la impureza rota                      T



DATOS MONTE CARLO
semilla num aleatorios               23
opcion de calculo                     4
enermin energia minima                T
minimiza energia con Metropolis
delta pasos metropolis he4     0.960000
delta pasos metropolis he3     1.000000
delta pasos metropol impureza  0.295000
delta giros metropol grados   55.700000
delta giros metropol rad       0.972148
etrial energia prueba dmc  -631.8000000
dtau paso de tiempo dmc        0.000100
bloques de equilibrio                 1
pasos de descorrelacion              10
bloques de calculo                   59
pasos por bloque                     20
numero de walkers                  1000
pasos para cambiar etrial            10



DATOS FUNCION DE ONDA
     << f(r)=exp(-0.5*(b/r)**nu+alfa*r) >> 
     << eta(r)=bb/r**3) >> 
b he4, incremento simplex                3.139383  0.100000
nu he4, incremento simplex               4.725025 -0.400000
alfa he4, incremento simplex             0.009428 -0.000700
b he3, incremento simplex                0.000000  0.000000
nu he3, incremento simplex               1.000000  0.000000
alfa he3, incremento simplex             1.000000  0.000000
bb backflow, incremento simplex          0.000000  0.000000
b mezclas, incremento simplex            0.000000  0.000000
nu mezclas, incremento simplex           1.000000  0.000000
alfa mezclas, incremento simplex         0.000000  0.000000
     << f_l(r)=exp(-0.5*(b_l/r)**nu_l+alfa*r**p4_l-p5_l*ln(r)) >> 
lmax Legendre impureza-he4                      4
l=    0  b he4                           1.680309 -0.120000
l=    0  nu he4                          9.763290  0.800000
l=    0  alfa he4                        0.643208 -0.050000
l=    0  p4 he4                          0.129298  0.030000
l=    0  p5 he4                         13.568705 -0.700000
l=    1  b he4                           0.000000  0.000000
l=    1  nu he4                          1.000000  0.000000
l=    1  alfa he4                        0.000000  0.000000
l=    1  p4 he4                          0.000000  0.000000
l=    1  p5 he4                          0.000000  0.000000
l=    2  b he4                           3.033954 -0.100000
l=    2  nu he4                          3.155952 -0.150000
l=    2  alfa he4                        0.004908  0.000500
l=    2  p4 he4                          0.084248  0.007000
l=    2  p5 he4                          0.000706 -0.000060
l=    3  b he4                           0.000000  0.000000
l=    3  nu he4                          1.000000  0.000000
l=    3  alfa he4                        0.000000  0.000000
l=    3  p4 he4                          0.000000  0.000000
l=    3  p5 he4                          0.000000  0.000000
l=    4  b he4                           0.732198  0.080000
l=    4  nu he4                         11.036848 -0.900000
l=    4  alfa he4                        0.078598  0.008000
l=    4  p4 he4                          0.096948  0.004000
l=    4  p5 he4                          0.020823  0.002000
lmax Legendre impureza-he3                      0
l=    0  b he3                           0.000000  0.000000
l=    0  nu he3                          0.000000  0.000000
l=    0  alfa he3                        1.000000  0.000000
l=    0  p4 he3                          1.000000  0.000000
l=    0  p5 he3                          0.000000  0.000000



numero de constituyentes del sistema           21
numero de atomos en la gota (he4 y he3)        20
numero de cm que se trasladan                  21
hay impureza en la gota                         T
nombre de la impureza                            HH        
masa de la impureza en uma               2.015650
la impureza es una molecula                     T
momento de inercia molecular             0.564991
la molecula rota                                T
la impureza realiza traslacion                  T
constituyentes del sistema=atomos en la gota+1           21        21
cm que se trasladan=constituyentes del sistema           21        21

hb2/(2*mhe4) en meV A**2       0.521936
hb2/(2*mhe3) en meV A**2       0.692663

hb2/(2*mx) en meV A**2         1.036440
B=hb2/(2*I) en meV             3.697585
B=hb2/(2*I) en cm-1           29.837006
B=hb2/(2*I) en MHz    894490.9400763081
J, E_J=J*(J+1)*B en meV     1   7.39517
J, E_J=J*(J+1)*B en meV     2  22.18551
J, E_J=J*(J+1)*B en meV     3  44.37101
J, E_J=J*(J+1)*B en meV     4  73.95169
J, E_J=J*(J+1)*B en meV     5 110.92754
J, E_J=J*(J+1)*B en meV     6 155.29855

Parametros he4:    0.5*(b**nu),nu,alfa      111.31963     4.72502     0.00943
Parametros he3:    0.5*(b**nu),nu,alfa,bb     0.00000     1.00000     1.00000     0.00000
Parametros mezcla: 0.5*(b**nu),nu,alfa        0.00000     1.00000     0.00000
Parametros impureza he4: 0.5*(b**nu),nu,alfa,p4,p5
l=  0                   79.34319     9.76329     0.64321     0.12930    13.56870
l=  1                    0.00000     1.00000     0.00000     0.00000     0.00000
l=  2                   16.60226     3.15595     0.00491     0.08425     0.00071
l=  3                    0.00000     1.00000     0.00000     0.00000     0.00000
l=  4                    0.01603    11.03685     0.07860     0.09695     0.02082
Parametros impureza he3: 0.5*(b**nu),nu,alfa,p4,p5
l=  0                    0.50000     0.00000     1.00000     1.00000     0.00000
Leyendo los parametros del potencial H2p-He
Referencia potencial         He-H2+ Breton et al. Preprint 2023



                   NOMBRE DEL CALCULO: 20.00.HH        



DATOS CALCULO EN PARALELO
procesos en cada maquina (solo PVM)             2
calculo en serie
numero de calculos                              1
 proceso numero           1
 numero de walkers en este proceso        1000
 semilla para este proceso      231128215236618


DATOS DE LAS CONFIGURACIONES INICIALES
configuraciones segun fichero                   1
    configuraciones leidas del fichero          1
    Se usan las configuraciones del fichero
    en el fichero hay menos configuraciones de las necesarias
configuraciones que hay que repetir           999
se eligen aleatoriamente las que se repiten
se usa esta semilla                     231128215236618
configuraciones iniciales totales            1000
energia media                               -615.5737694990
elegimos el walker                            320
energia del walker                          -615.5737694990
e poten del walker                         -1078.0865541324
 *****************************************************



 *****************************************************
 Comienza el 17 de Agosto de 2026,  15:14:16.577
 Calculo en el ordenador: blanca-Victus-by-HP-Gaming-Laptop-15-fb3xxx
 *****************************************************


================================================================================
                   CALCULO Diffusion Monte Carlo
================================================================================
==================Bloques para EQUILIBRIO=======================================
    Bloque  Blq/Proc   Proceso <E_bloque>       <E_calculo>   <E_growth>   <Poblacion> 
       1       1       1   -618.67562440   -618.67562440   -619.26864544    995.75
=====================Bloques de CALCULO=========================================
    Bloque  Blq/Proc   Proceso <E_bloque>       <E_calculo>   <E_growth>   <Poblacion> 
       1       1       1   -635.99833138   -635.99833138   -640.00326290   1001.65
       2       2       1   -659.43656370   -647.71744754   -650.20835764   1015.10
       3       3       1   -677.46755483   -657.63414997   -658.58022551   1032.95
       4       4       1   -683.12348305   -664.00648324   -662.57557278   1045.66
       5       5       1   -693.70164654   -669.94551590   -668.79715518   1057.71
       6       6       1   -696.92405583   -674.44193922   -672.92612934   1069.04
       7       7       1   -700.56227383   -678.17341559   -676.41697155   1078.52
       8       8       1   -698.95338035   -680.77091119   -679.42852480   1086.88
       9       9       1   -700.56589113   -682.97035340   -681.63847514   1092.22
      10      10       1   -704.21859390   -685.09517745   -684.08784063   1098.62
      11      11       1   -706.16736447   -687.01083082   -685.71425555   1103.67
      12      12       1   -702.46205753   -688.29843304   -687.82833083   1107.83
      13      13       1   -699.04125454   -689.12480393   -688.02838465   1111.32
      14      14       1   -693.78878485   -689.45794542   -688.12754495   1112.70
      15      15       1   -692.12502580   -689.63575078   -688.01063153   1113.20
      16      16       1   -695.55138837   -690.00547813   -688.54904260   1114.23
      17      17       1   -692.83404844   -690.17186462   -688.51549625   1115.23
      18      18       1   -688.55472085   -690.08202330   -688.64908016   1115.47
      19      19       1   -688.77390571   -690.01317501   -688.61811280   1116.01
      20      20       1   -688.16884260   -689.92095839   -688.78339104   1116.11
      21      21       1   -691.27679591   -689.98552208   -689.20380576   1117.25
      22      22       1   -696.08674796   -690.26285053   -689.44827114   1117.94
      23      23       1   -691.78338350   -690.32896066   -689.14136039   1118.14
      24      24       1   -685.39095590   -690.12321046   -688.90938277   1118.25
      25      25       1   -680.14748228   -689.72418133   -688.04588790   1117.29
      26      26       1   -683.49968545   -689.48477764   -687.98665323   1116.19
      27      27       1   -686.54748001   -689.37598884   -687.93629471   1116.04
      28      28       1   -681.06724876   -689.07924812   -687.66164248   1115.89
      29      29       1   -683.90441395   -688.90080557   -687.57449956   1115.50
      30      30       1   -679.86139263   -688.59949180   -687.09389637   1115.20
      31      31       1   -679.76787669   -688.31460099   -686.81371166   1114.54
      32      32       1   -674.95921323   -687.89724512   -686.61941849   1113.94
      33      33       1   -671.48039995   -687.39976497   -686.30698940   1113.58
      34      34       1   -669.30247215   -686.86749165   -686.01126276   1112.90
      35      35       1   -669.69032655   -686.37671550   -685.45547566   1111.98
      36      36       1   -672.55913018   -685.99289369   -685.11329649   1111.18
      37      37       1   -670.52750381   -685.57491018   -684.55289844   1110.46
      38      38       1   -670.81316967   -685.18644332   -684.15398556   1109.33
      39      39       1   -669.87530603   -684.79385006   -683.94852316   1108.64
      40      40       1   -676.67296212   -684.59082786   -683.88841236   1108.21
      41      41       1   -669.90380257   -684.23260773   -683.47404654   1107.86
      42      42       1   -667.18496434   -683.82671146   -683.13668436   1107.20
      43      43       1   -671.05022067   -683.52958377   -682.87852031   1106.69
      44      44       1   -671.40330172   -683.25398645   -682.62474958   1106.12
      45      45       1   -663.61471183   -682.81755812   -682.24599000   1105.50
      46      46       1   -659.94504700   -682.32032962   -681.84902989   1104.61
      47      47       1   -661.25044000   -681.87203410   -681.48587238   1103.91
      48      48       1   -660.92902003   -681.43572130   -680.92938789   1102.92
      49      49       1   -661.18153852   -681.02237063   -680.49628831   1101.84
      50      50       1   -661.95678789   -680.64105898   -680.10773785   1100.94
      51      51       1   -667.17990602   -680.37711480   -679.77966186   1100.25
      52      52       1   -669.29093185   -680.16391898   -679.58663505   1099.61
      53      53       1   -671.50243470   -680.00049475   -679.26513198   1099.13
      54      54       1   -665.67064112   -679.73512709   -679.06139283   1098.52
      55      55       1   -661.94771251   -679.41171955   -678.87204169   1098.06
      56      56       1   -667.54937326   -679.19989194   -678.49625463   1097.51
      57      57       1   -660.56728556   -678.87300411   -678.18970654   1096.80
      58      58       1   -655.45767497   -678.46929153   -677.75270522   1096.07
      59      59       1   -649.61771122   -677.98028170   -677.20560886   1095.06
================================================================================


================================================================================
         RESULTADOS DEL CALCULO        
================================================================================
Resultados en meV
meV Energia cinetica     =  0.0001000      214.1922778519 +/-       5.14859982
meV Energia potencial    =  0.0001000     -892.1725595504 +/-       5.37555679
meV Energia total        =  0.0001000     -677.9802816985 +/-       1.99547840
meV Energia rotacion     =  0.0001000       55.6678852253 +/-       1.47553841
meV Energia trasl impur  =  0.0001000       59.0080646293 +/-       1.75714411
meV Energia growth       =  0.0001000     -677.2056088551 +/-       2.01003748
meV Poblacion media      =  0.0001000     1095.0644067797 +/-       4.40178439
meV Estadistica          =  0.0001000    2.1901288136E+04 +/-   8.80356878E+01
================================================================================
Resultados en K
K Energia cinetica       =  0.0001000     2486.7631142176 +/-      59.77502202
K Energia potencial      =  0.0001000   -10358.0849639261 +/-      62.40998264
K Energia total          =  0.0001000    -7871.3218497085 +/-      23.16741822
K Energia rotacion       =  0.0001000      646.3017481911 +/-      17.13093739
K Energia trasl impur    =  0.0001000      685.0810871104 +/-      20.40036733
K Energia growth         =  0.0001000    -7862.3279313853 +/-      23.33644855
================================================================================
Resultados en cm-1
cm-1 Energia cinetica    =  0.0001000     1728.3868078720 +/-      41.54571817
cm-1 Energia potencial   =  0.0001000    -7199.2291119776 +/-      43.37710740
cm-1 Energia total       =  0.0001000    -5470.8423041056 +/-      16.10216099
cm-1 Energia rotacion    =  0.0001000      449.2021813785 +/-      11.90659698
cm-1 Energia trasl impur =  0.0001000      476.1551699534 +/-      14.17896444
cm-1 Energia growth      =  0.0001000    -5464.5912182293 +/-      16.21964295
================================================================================
Poblacion media      =   1.271365E+04 +/-  5.11045E+01
Estadistica          =   2.542730E+05 +/-  1.02209E+03



 *****************************************************
 Finaliza el 17 de Agosto de 2026,  15:15:52.856
 Calculo en el ordenador: blanca-Victus-by-HP-Gaming-Laptop-15-fb3xxx
 *****************************************************


 *****************************************************
 tiempo de CPU en s   96.2547226    
 tiempo de CPU en m   1.60424542    
 tiempo de CPU en h   2.67374236E-02
 tiempo de CPU en d   1.11405924E-03
 *****************************************************
Note: The following floating-point exceptions are signalling: IEEE_DENORMAL
energia final de las configuraciones        -615.5737694990
 numero de walkers que tengo finales        1000
 numero de walkers de partida en la simulacion        1000
