


VALORES DE LAS CONSTANTES EN ESTE CALCULO
    Constantes fisicas segun CODATA 2010
velocidad de la luz en m/s                      299792458.0
radio de Bohr en A                           0.529177210670
k_Boltzmann en eV/K                        8.6173324000E-05
hbarra*c en MeV*fm                           197.3269718000
uma en MeV/c**2                              931.4940610000
hbar**2/(2m) en uma*K A**2                    24.2543684668
hbar**2/(2m) en uma* cm-1                     16.8576292014
1 cm-1 en K                                    1.4387769583
K en meV                                       0.0861329640
hbar**2/(2m) en uma*eV A**2                    2.0891006466
Esquema de ocupacion de los espines
N de atomos de helio3       0   1   2   3   4   5   6   7   8
Ocupacion up                0   1   1   2   3   4   4   4   4
Ocupacion down              0   0   1   1   1   1   2   3   4
Si hay mas de 8 he3: polarizacion de espin minima
pi                                              3.141592654



DATOS DEL SISTEMA
Energias en meV y distancias en A



DATOS DEL SISTEMA
calculo sin interaccion               F
masa helio 4 en uma            4.002600
masa helio 3 en uma            3.016040
numero de atomos de he4              20
numero de atomos de he3               0
atomos en la impureza molecular       2
atomo  1   nombre  H  masa      1.00783
atomo  2   nombre  H  masa      1.00783
    distancia en A                 H H    1.05887
Coordenadas de los atomos en el sistema intrinseco
 H    0.0000000   0.0000000  -0.5294355
 H    0.0000000   0.0000000   0.5294355
 CM en el sistema intrinseco   0.000000
tipo de potencial X-He                4
fichero potencial X-He       heh2m.pot
la impureza se traslada               T
la impureza no se traslada            F
la impureza rota                      T



DATOS MONTE CARLO
semilla num aleatorios               11
opcion de calculo                     7
enermin energia minima                T
minimiza energia con Metropolis
delta pasos metropolis he4     0.960000
delta pasos metropolis he3     1.000000
delta pasos metropol impureza  0.295000
delta giros metropol grados   55.700000
delta giros metropol rad       0.972148
etrial energia prueba dmc  -631.8000000
dtau paso de tiempo dmc        0.000100
bloques de equilibrio                 1
pasos de descorrelacion              10
bloques de calculo                   19
pasos por bloque                    500
numero de walkers                  2000
pasos para cambiar etrial            10



DATOS FUNCION DE ONDA
     << f(r)=exp(-0.5*(b/r)**nu+alfa*r) >> 
     << eta(r)=bb/r**3) >> 
b he4, incremento simplex                3.139383  0.100000
nu he4, incremento simplex               4.725025 -0.400000
alfa he4, incremento simplex             0.009428 -0.000700
b he3, incremento simplex                0.000000  0.000000
nu he3, incremento simplex               1.000000  0.000000
alfa he3, incremento simplex             1.000000  0.000000
bb backflow, incremento simplex          0.000000  0.000000
b mezclas, incremento simplex            0.000000  0.000000
nu mezclas, incremento simplex           1.000000  0.000000
alfa mezclas, incremento simplex         0.000000  0.000000
     << f_l(r)=exp(-0.5*(b_l/r)**nu_l+alfa*r**p4_l-p5_l*ln(r)) >> 
lmax Legendre impureza-he4                      4
l=    0  b he4                           1.680309 -0.120000
l=    0  nu he4                          9.763290  0.800000
l=    0  alfa he4                        0.643208 -0.050000
l=    0  p4 he4                          0.129298  0.030000
l=    0  p5 he4                         13.568705 -0.700000
l=    1  b he4                           0.000000  0.000000
l=    1  nu he4                          1.000000  0.000000
l=    1  alfa he4                        0.000000  0.000000
l=    1  p4 he4                          0.000000  0.000000
l=    1  p5 he4                          0.000000  0.000000
l=    2  b he4                           3.033954 -0.100000
l=    2  nu he4                          3.155952 -0.150000
l=    2  alfa he4                        0.004908  0.000500
l=    2  p4 he4                          0.084248  0.007000
l=    2  p5 he4                          0.000706 -0.000060
l=    3  b he4                           0.000000  0.000000
l=    3  nu he4                          1.000000  0.000000
l=    3  alfa he4                        0.000000  0.000000
l=    3  p4 he4                          0.000000  0.000000
l=    3  p5 he4                          0.000000  0.000000
l=    4  b he4                           0.732198  0.080000
l=    4  nu he4                         11.036848 -0.900000
l=    4  alfa he4                        0.078598  0.008000
l=    4  p4 he4                          0.096948  0.004000
l=    4  p5 he4                          0.020823  0.002000
lmax Legendre impureza-he3                      0
l=    0  b he3                           0.000000  0.000000
l=    0  nu he3                          0.000000  0.000000
l=    0  alfa he3                        1.000000  0.000000
l=    0  p4 he3                          1.000000  0.000000
l=    0  p5 he3                          0.000000  0.000000



numero de constituyentes del sistema           21
numero de atomos en la gota (he4 y he3)        20
numero de cm que se trasladan                  21
hay impureza en la gota                         T
nombre de la impureza                            HH        
masa de la impureza en uma               2.015650
la impureza es una molecula                     T
momento de inercia molecular             0.564991
la molecula rota                                T
la impureza realiza traslacion                  T
constituyentes del sistema=atomos en la gota+1           21        21
cm que se trasladan=constituyentes del sistema           21        21
 
hb2/(2*mhe4) en meV A**2       0.521936
hb2/(2*mhe3) en meV A**2       0.692663
 
hb2/(2*mx) en meV A**2         1.036440
B=hb2/(2*I) en meV             3.697585
B=hb2/(2*I) en cm-1           29.837006
B=hb2/(2*I) en MHz    894490.9400763081
J, E_J=J*(J+1)*B en meV     1   7.39517
J, E_J=J*(J+1)*B en meV     2  22.18551
J, E_J=J*(J+1)*B en meV     3  44.37101
J, E_J=J*(J+1)*B en meV     4  73.95169
J, E_J=J*(J+1)*B en meV     5 110.92754
J, E_J=J*(J+1)*B en meV     6 155.29855
 
Parametros he4:    0.5*(b**nu),nu,alfa      111.31963     4.72502     0.00943
Parametros he3:    0.5*(b**nu),nu,alfa,bb     0.00000     1.00000     1.00000     0.00000
Parametros mezcla: 0.5*(b**nu),nu,alfa        0.00000     1.00000     0.00000
Parametros impureza he4: 0.5*(b**nu),nu,alfa,p4,p5
l=  0                   79.34319     9.76329     0.64321     0.12930    13.56870
l=  1                    0.00000     1.00000     0.00000     0.00000     0.00000
l=  2                   16.60226     3.15595     0.00491     0.08425     0.00071
l=  3                    0.00000     1.00000     0.00000     0.00000     0.00000
l=  4                    0.01603    11.03685     0.07860     0.09695     0.02082
Parametros impureza he3: 0.5*(b**nu),nu,alfa,p4,p5
l=  0                    0.50000     0.00000     1.00000     1.00000     0.00000
Leyendo los parametros del potencial H2p-He
Referencia potencial         He-H2+ Breton et al. Preprint 2023



                   NOMBRE DEL CALCULO: 20.00.HH        



DATOS CALCULO EN PARALELO
procesos en cada maquina (solo PVM)             2
calculo en serie
numero de calculos                              1
 proceso numero            1
 numero de walkers en este proceso         2000
 semilla para este proceso           98330646220102


DATOS DE LAS CONFIGURACIONES INICIALES
configuraciones segun fichero                   1
    configuraciones leidas del fichero          1
    Se usan las configuraciones del fichero
    en el fichero hay menos configuraciones de las necesarias
configuraciones que hay que repetir          1999
se eligen aleatoriamente las que se repiten
se usa esta semilla                      98330646220102
configuraciones iniciales totales            2000
energia media                               -615.5737694991
elegimos el walker                           1900
energia del walker                          -615.5737694990
e poten del walker                         -1078.0865541324
 *****************************************************



 *****************************************************
 Comienza el 18 de Agosto de 2026,  17:36:11.527
 Calculo en el ordenador: blanca-Victus-by-HP-Gaming-Laptop-15-fb3xxx
 *****************************************************


================================================================================
                   CALCULO Diffusion Monte Carlo
================================================================================
==================Bloques para EQUILIBRIO=======================================
    Bloque  Blq/Proc   Proceso <E_bloque>       <E_calculo>   <E_growth>   <Poblacion> 
       1       1       1   -670.93151065   -670.93151065   -668.69007087   2117.94
=====================Bloques de CALCULO=========================================
    Bloque  Blq/Proc   Proceso <E_bloque>       <E_calculo>   <E_growth>   <Poblacion> 
       1       1       1   -690.61781895   -690.61781895   -689.86991120   2247.87
       2       2       1   -666.15319360   -678.38550627   -678.11675033   2198.04
       3       3       1   -654.91790963   -670.56297406   -670.31455258   2163.48
       4       4       1   -646.02829695   -664.42930478   -664.15883966   2137.10
       5       5       1   -638.69270208   -659.28198424   -659.01431654   2114.97
       6       6       1   -636.11905122   -655.42149540   -655.45557596   2100.16
       7       7       1   -634.83039571   -652.47990973   -652.68209555   2088.13
       8       8       1   -635.30002486   -650.33242412   -650.45211197   2078.76
       9       9       1   -632.51191933   -648.35236803   -648.48825144   2070.37
      10      10       1   -631.58856229   -646.67598746   -646.70722682   2062.92
      11      11       1   -631.72218457   -645.31655083   -645.34882321   2057.10
      12      12       1   -631.08815903   -644.13085152   -644.08914828   2051.88
      13      13       1   -626.47334151   -642.77258152   -642.76749944   2046.41
      14      14       1   -628.44152374   -641.74893453   -641.80925531   2042.46
      15      15       1   -628.00454577   -640.83264195   -640.76677798   2038.16
      16      16       1   -628.50702649   -640.06229098   -639.96759164   2034.82
      17      17       1   -631.34449705   -639.54947957   -639.45539301   2032.60
      18      18       1   -632.32017063   -639.14785130   -639.05772005   2030.92
      19      19       1   -627.91239031   -638.55651125   -638.47896678   2028.52
Warning: ieee_inexact is signaling
FORTRAN STOP
 tiempo total opcion7 (pipeline):     459.5572 s
================================================================================


================================================================================
         RESULTADOS DEL CALCULO        
================================================================================
Resultados en meV
meV Energia cinetica     =  0.0001000      185.6260722653 +/-       2.70453320
meV Energia potencial    =  0.0001000     -824.1825835128 +/-       6.20271743
meV Energia total        =  0.0001000     -638.5565112476 +/-       3.69856783
meV Energia rotacion     =  0.0001000       50.0389444217 +/-       0.50333634
meV Energia trasl impur  =  0.0001000       49.1431817001 +/-       0.77490122
meV Energia growth       =  0.0001000     -638.4789667818 +/-       3.68261013
meV Poblacion media      =  0.0001000     2028.5166315789 +/-      15.62402878
meV Estadistica          =  0.0001000    1.0142583158E+06 +/-   7.81201439E+03
================================================================================
Resultados en K
K Energia cinetica       =  0.0001000     2155.1106985540 +/-      31.39951385
K Energia potencial      =  0.0001000    -9568.7242724839 +/-      72.01328201
K Energia total          =  0.0001000    -7413.6135739298 +/-      42.94021312
K Energia rotacion       =  0.0001000      580.9499880678 +/-       5.84371324
K Energia trasl impur    =  0.0001000      570.5502214776 +/-       8.99656972
K Energia growth         =  0.0001000    -7412.7132860240 +/-      42.75494489
================================================================================
Resultados en cm-1
cm-1 Energia cinetica    =  0.0001000     1497.8768502671 +/-      21.82375362
cm-1 Energia potencial   =  0.0001000    -6650.5959921033 +/-      50.05173428
cm-1 Energia total       =  0.0001000    -5152.7191418362 +/-      29.84494079
cm-1 Energia rotacion    =  0.0001000      403.7804363709 +/-       4.06158384
cm-1 Energia trasl impur =  0.0001000      396.5522370797 +/-       6.25292869
cm-1 Energia growth      =  0.0001000    -5152.0934104463 +/-      29.71617292
================================================================================
Poblacion media      =   2.355099E+04 +/-  1.81394E+02
Estadistica          =   1.177550E+07 +/-  9.06972E+04



 *****************************************************
 Finaliza el 18 de Agosto de 2026,  17:43:51.141
 Calculo en el ordenador: blanca-Victus-by-HP-Gaming-Laptop-15-fb3xxx
 *****************************************************


 *****************************************************
 tiempo de CPU en s    459.6138    
 tiempo de CPU en m    7.660231    
 tiempo de CPU en h   0.1276705    
 tiempo de CPU en d   5.3196047E-03
 *****************************************************
energia final de las configuraciones        -615.5737694991
 numero de walkers que tengo finales         2000
 numero de walkers de partida en la simulacion         2000
