


VALORES DE LAS CONSTANTES EN ESTE CALCULO
    Constantes fisicas segun CODATA 2010
velocidad de la luz en m/s                      299792458.0
radio de Bohr en A                           0.529177210670
k_Boltzmann en eV/K                        8.6173324000E-05
hbarra*c en MeV*fm                           197.3269718000
uma en MeV/c**2                              931.4940610000
hbar**2/(2m) en uma*K A**2                    24.2543684668
hbar**2/(2m) en uma* cm-1                     16.8576292014
1 cm-1 en K                                    1.4387769583
K en meV                                       0.0861329640
hbar**2/(2m) en uma*eV A**2                    2.0891006466
Esquema de ocupacion de los espines
N de atomos de helio3       0   1   2   3   4   5   6   7   8
Ocupacion up                0   1   1   2   3   4   4   4   4
Ocupacion down              0   0   1   1   1   1   2   3   4
Si hay mas de 8 he3: polarizacion de espin minima
pi                                              3.141592654



DATOS DEL SISTEMA
Energias en meV y distancias en A



DATOS DEL SISTEMA
calculo sin interaccion               F
masa helio 4 en uma            4.002600
masa helio 3 en uma            3.016040
numero de atomos de he4              20
numero de atomos de he3               0
atomos en la impureza molecular       2
atomo  1   nombre  H  masa      1.00783
atomo  2   nombre  H  masa      1.00783
    distancia en A                 H H    1.05887
Coordenadas de los atomos en el sistema intrinseco
 H    0.0000000   0.0000000  -0.5294355
 H    0.0000000   0.0000000   0.5294355
 CM en el sistema intrinseco   0.000000
tipo de potencial X-He                4
fichero potencial X-He       heh2m.pot
la impureza se traslada               T
la impureza no se traslada            F
la impureza rota                      T



DATOS MONTE CARLO
semilla num aleatorios               11
opcion de calculo                     7
enermin energia minima                T
minimiza energia con Metropolis
delta pasos metropolis he4     0.960000
delta pasos metropolis he3     1.000000
delta pasos metropol impureza  0.295000
delta giros metropol grados   55.700000
delta giros metropol rad       0.972148
etrial energia prueba dmc  -631.8000000
dtau paso de tiempo dmc        0.000100
bloques de equilibrio                 1
pasos de descorrelacion              10
bloques de calculo                   59
pasos por bloque                     20
numero de walkers                  2000
pasos para cambiar etrial            10



DATOS FUNCION DE ONDA
     << f(r)=exp(-0.5*(b/r)**nu+alfa*r) >> 
     << eta(r)=bb/r**3) >> 
b he4, incremento simplex                3.139383  0.100000
nu he4, incremento simplex               4.725025 -0.400000
alfa he4, incremento simplex             0.009428 -0.000700
b he3, incremento simplex                0.000000  0.000000
nu he3, incremento simplex               1.000000  0.000000
alfa he3, incremento simplex             1.000000  0.000000
bb backflow, incremento simplex          0.000000  0.000000
b mezclas, incremento simplex            0.000000  0.000000
nu mezclas, incremento simplex           1.000000  0.000000
alfa mezclas, incremento simplex         0.000000  0.000000
     << f_l(r)=exp(-0.5*(b_l/r)**nu_l+alfa*r**p4_l-p5_l*ln(r)) >> 
lmax Legendre impureza-he4                      4
l=    0  b he4                           1.680309 -0.120000
l=    0  nu he4                          9.763290  0.800000
l=    0  alfa he4                        0.643208 -0.050000
l=    0  p4 he4                          0.129298  0.030000
l=    0  p5 he4                         13.568705 -0.700000
l=    1  b he4                           0.000000  0.000000
l=    1  nu he4                          1.000000  0.000000
l=    1  alfa he4                        0.000000  0.000000
l=    1  p4 he4                          0.000000  0.000000
l=    1  p5 he4                          0.000000  0.000000
l=    2  b he4                           3.033954 -0.100000
l=    2  nu he4                          3.155952 -0.150000
l=    2  alfa he4                        0.004908  0.000500
l=    2  p4 he4                          0.084248  0.007000
l=    2  p5 he4                          0.000706 -0.000060
l=    3  b he4                           0.000000  0.000000
l=    3  nu he4                          1.000000  0.000000
l=    3  alfa he4                        0.000000  0.000000
l=    3  p4 he4                          0.000000  0.000000
l=    3  p5 he4                          0.000000  0.000000
l=    4  b he4                           0.732198  0.080000
l=    4  nu he4                         11.036848 -0.900000
l=    4  alfa he4                        0.078598  0.008000
l=    4  p4 he4                          0.096948  0.004000
l=    4  p5 he4                          0.020823  0.002000
lmax Legendre impureza-he3                      0
l=    0  b he3                           0.000000  0.000000
l=    0  nu he3                          0.000000  0.000000
l=    0  alfa he3                        1.000000  0.000000
l=    0  p4 he3                          1.000000  0.000000
l=    0  p5 he3                          0.000000  0.000000



numero de constituyentes del sistema           21
numero de atomos en la gota (he4 y he3)        20
numero de cm que se trasladan                  21
hay impureza en la gota                         T
nombre de la impureza                            HH        
masa de la impureza en uma               2.015650
la impureza es una molecula                     T
momento de inercia molecular             0.564991
la molecula rota                                T
la impureza realiza traslacion                  T
constituyentes del sistema=atomos en la gota+1           21        21
cm que se trasladan=constituyentes del sistema           21        21
 
hb2/(2*mhe4) en meV A**2       0.521936
hb2/(2*mhe3) en meV A**2       0.692663
 
hb2/(2*mx) en meV A**2         1.036440
B=hb2/(2*I) en meV             3.697585
B=hb2/(2*I) en cm-1           29.837006
B=hb2/(2*I) en MHz    894490.9400763081
J, E_J=J*(J+1)*B en meV     1   7.39517
J, E_J=J*(J+1)*B en meV     2  22.18551
J, E_J=J*(J+1)*B en meV     3  44.37101
J, E_J=J*(J+1)*B en meV     4  73.95169
J, E_J=J*(J+1)*B en meV     5 110.92754
J, E_J=J*(J+1)*B en meV     6 155.29855
 
Parametros he4:    0.5*(b**nu),nu,alfa      111.31963     4.72502     0.00943
Parametros he3:    0.5*(b**nu),nu,alfa,bb     0.00000     1.00000     1.00000     0.00000
Parametros mezcla: 0.5*(b**nu),nu,alfa        0.00000     1.00000     0.00000
Parametros impureza he4: 0.5*(b**nu),nu,alfa,p4,p5
l=  0                   79.34319     9.76329     0.64321     0.12930    13.56870
l=  1                    0.00000     1.00000     0.00000     0.00000     0.00000
l=  2                   16.60226     3.15595     0.00491     0.08425     0.00071
l=  3                    0.00000     1.00000     0.00000     0.00000     0.00000
l=  4                    0.01603    11.03685     0.07860     0.09695     0.02082
Parametros impureza he3: 0.5*(b**nu),nu,alfa,p4,p5
l=  0                    0.50000     0.00000     1.00000     1.00000     0.00000
Leyendo los parametros del potencial H2p-He
Referencia potencial         He-H2+ Breton et al. Preprint 2023



                   NOMBRE DEL CALCULO: 20.00.HH        



DATOS CALCULO EN PARALELO
procesos en cada maquina (solo PVM)             2
calculo en serie
numero de calculos                              1
 proceso numero            1
 numero de walkers en este proceso         2000
 semilla para este proceso           98330646220102


DATOS DE LAS CONFIGURACIONES INICIALES
configuraciones segun fichero                2000
    configuraciones leidas del fichero       2000
    Se usan las configuraciones del fichero
configuraciones iniciales totales            2000
energia media                               -650.3901139184
elegimos el walker                            708
energia del walker                          -672.9472703818
e poten del walker                          -899.5296587095
 *****************************************************



 *****************************************************
 Comienza el 20 de Agosto de 2026,  13:17: 8.150
 Calculo en el ordenador: blanca-Victus-by-HP-Gaming-Laptop-15-fb3xxx
 *****************************************************


================================================================================
                   CALCULO Diffusion Monte Carlo
================================================================================
==================Bloques para EQUILIBRIO=======================================
    Bloque  Blq/Proc   Proceso <E_bloque>       <E_calculo>   <E_growth>   <Poblacion> 
==PROF== Connected to process 37934 (/home/blanca/Documentos/Universidad/TFG-CUDA/Repostorio/DMC-vpot-registros/v2-cuda-integracion/fusion-v-vp-hehe-tmp/qmccluster_pipeline)
==PROF== Profiling "mdmc2_pipeline_k_vpot_t_": 0%....50%....100% - 42 passes
       1       1       1   -650.94287350   -650.94287350   -649.23903434   2009.00
=====================Bloques de CALCULO=========================================
    Bloque  Blq/Proc   Proceso <E_bloque>       <E_calculo>   <E_growth>   <Poblacion> 
       1       1       1   -655.54617534   -655.54617534   -657.68881856   2060.65
       2       2       1   -655.86006180   -655.70311857   -656.97808781   2073.93
       3       3       1   -656.62477602   -656.01033772   -657.41373849   2084.98
       4       4       1   -657.19539078   -656.30660099   -655.92533559   2085.41
       5       5       1   -657.31403434   -656.50808766   -655.43948678   2085.52
       6       6       1   -651.51714124   -655.67626326   -653.98128259   2083.83
       7       7       1   -650.55161277   -654.94417033   -653.58323935   2081.55
       8       8       1   -660.54875854   -655.64474385   -654.32506892   2082.74
       9       9       1   -658.19101208   -655.92766255   -655.27914310   2086.47
      10      10       1   -654.38495316   -655.77339161   -655.42906060   2089.30
      11      11       1   -652.07701090   -655.43735700   -655.55922578   2090.58
      12      12       1   -650.48386423   -655.02456593   -654.78147755   2090.63
      13      13       1   -649.02617350   -654.56315113   -654.16003881   2088.52
      14      14       1   -649.91832388   -654.23137776   -653.51709789   2086.40
      15      15       1   -653.17497635   -654.16095100   -653.61597208   2085.90
      16      16       1   -651.29939777   -653.98210392   -653.34153075   2085.92
      17      17       1   -652.21938911   -653.87841481   -653.40554948   2085.59
      18      18       1   -650.05506497   -653.66600649   -653.29891195   2085.75
      19      19       1   -648.90182550   -653.41526012   -652.95360534   2085.16
      20      20       1   -651.70074933   -653.32953458   -652.73881233   2084.50
      21      21       1   -647.86346738   -653.06924567   -652.23533831   2083.01
      22      22       1   -647.20632981   -652.80274949   -651.80762702   2081.08
      23      23       1   -649.59825641   -652.66342371   -651.87995325   2080.61
      24      24       1   -648.36813745   -652.48445344   -651.26767099   2079.47
      25      25       1   -649.26348698   -652.35561479   -651.37632347   2078.71
      26      26       1   -650.22089234   -652.27351008   -651.28865166   2078.50
      27      27       1   -652.08503682   -652.26652959   -651.57461315   2078.87
      28      28       1   -647.65309055   -652.10176391   -651.57144844   2079.17
      29      29       1   -650.42980655   -652.04411020   -651.51371038   2079.26
      30      30       1   -649.97361848   -651.97509381   -651.43078096   2079.19
      31      31       1   -650.08857079   -651.91423823   -651.06636150   2078.32
      32      32       1   -648.57393620   -651.80985379   -651.05247838   2077.59
      33      33       1   -647.38612985   -651.67580155   -650.92362235   2077.37
      34      34       1   -647.37433860   -651.54928794   -650.79789793   2076.92
      35      35       1   -651.54057552   -651.54903901   -650.87560918   2076.60
      36      36       1   -650.35348185   -651.51582909   -650.85685361   2076.86
      37      37       1   -651.58550341   -651.51771218   -650.92117990   2077.00
      38      38       1   -650.18273016   -651.48258107   -650.84520368   2076.89
      39      39       1   -649.77015597   -651.43867274   -650.87074643   2076.91
      40      40       1   -644.29878133   -651.26017545   -650.57607899   2076.30
      41      41       1   -645.78843162   -651.12671829   -650.47529411   2075.61
      42      42       1   -644.79329958   -650.97592260   -650.42715631   2075.17
      43      43       1   -646.65860983   -650.87551998   -650.30262624   2074.74
      44      44       1   -647.02133945   -650.78792497   -650.13946685   2074.23
      45      45       1   -644.12294815   -650.63981437   -650.01655972   2073.80
      46      46       1   -643.15109145   -650.47701605   -649.94598958   2073.57
      47      47       1   -643.40912608   -650.32663541   -649.60982484   2072.50
      48      48       1   -643.15311496   -650.17718707   -649.47470339   2071.61
      49      49       1   -643.30332187   -650.03690410   -649.39025123   2071.17
      50      50       1   -643.42660528   -649.90469813   -649.32477037   2070.90
      51      51       1   -642.19418955   -649.75351168   -649.15403138   2070.36
      52      52       1   -641.39442111   -649.59275994   -649.09492925   2069.89
      53      53       1   -639.11887383   -649.39513945   -649.01574780   2069.54
      54      54       1   -637.71388283   -649.17881988   -648.69734712   2068.85
      55      55       1   -638.86451818   -648.99128712   -648.52639206   2067.96
      56      56       1   -636.88123072   -648.77503612   -648.38299589   2067.32
      57      57       1   -636.21132126   -648.55462007   -648.26013528   2066.73
      58      58       1   -642.50639989   -648.45034041   -648.06561226   2066.15
      59      59       1   -645.31279493   -648.39716167   -648.03390156   2065.68
Warning: ieee_inexact is signaling
FORTRAN STOP
 tiempo total opcion7 (pipeline):      38.8871 s
================================================================================


================================================================================
         RESULTADOS DEL CALCULO        
================================================================================
Resultados en meV
meV Energia cinetica     =  0.0001000      196.1152912582 +/-       0.62599771
meV Energia potencial    =  0.0001000     -844.5124529300 +/-       0.91794097
meV Energia total        =  0.0001000     -648.3971616718 +/-       0.69686017
meV Energia rotacion     =  0.0001000       52.8171596289 +/-       0.23842580
meV Energia trasl impur  =  0.0001000       50.6754969244 +/-       0.36064010
meV Energia growth       =  0.0001000     -648.0339015610 +/-       0.84921041
meV Poblacion media      =  0.0001000     2065.6771186441 +/-       2.89088870
meV Estadistica          =  0.0001000    4.1313542373E+04 +/-   5.78177740E+01
================================================================================
Resultados en K
K Energia cinetica       =  0.0001000     2276.8900789785 +/-       7.26780643
K Energia potencial      =  0.0001000    -9804.7531802040 +/-      10.65725509
K Energia total          =  0.0001000    -7527.8631012254 +/-       8.09051659
K Energia rotacion       =  0.0001000      613.2049468831 +/-       2.76811328
K Energia trasl impur    =  0.0001000      588.3403351883 +/-       4.18701607
K Energia growth         =  0.0001000    -7523.6456669955 +/-       9.85929623
================================================================================
Resultados en cm-1
cm-1 Energia cinetica    =  0.0001000     1582.5177528899 +/-       5.05137811
cm-1 Energia potencial   =  0.0001000    -6814.6442876757 +/-       7.40716275
cm-1 Energia total       =  0.0001000    -5232.1265347858 +/-       5.62319027
cm-1 Energia rotacion    =  0.0001000      426.1987539766 +/-       1.92393495
cm-1 Energia trasl impur =  0.0001000      408.9169845188 +/-       2.91012172
cm-1 Energia growth      =  0.0001000    -5229.1952713919 +/-       6.85255360
================================================================================
Poblacion media      =   2.398242E+04 +/-  3.35631E+01
Estadistica          =   4.796484E+05 +/-  6.71262E+02



 *****************************************************
 Finaliza el 20 de Agosto de 2026,  13:17:47. 91
 Calculo en el ordenador: blanca-Victus-by-HP-Gaming-Laptop-15-fb3xxx
 *****************************************************


 *****************************************************
 tiempo de CPU en s    38.94012    
 tiempo de CPU en m   0.6490020    
 tiempo de CPU en h   1.0816699E-02
 tiempo de CPU en d   4.5069581E-04
 *****************************************************
energia final de las configuraciones        -672.9472703818
 numero de walkers que tengo finales         2000
 numero de walkers de partida en la simulacion         2000
==PROF== Disconnected from process 37934
==PROF== Report: /home/blanca/Documentos/Universidad/TFG-CUDA/Repostorio/DMC-vpot-registros/v2-cuda-integracion/fusion-v-vp-hehe-tmp/ncu_fusion_vpot_2000w.ncu-rep
