


VALORES DE LAS CONSTANTES EN ESTE CALCULO
    Constantes fisicas segun CODATA 2010
velocidad de la luz en m/s                      299792458.0
radio de Bohr en A                           0.529177210670
k_Boltzmann en eV/K                        8.6173324000E-05
hbarra*c en MeV*fm                           197.3269718000
uma en MeV/c**2                              931.4940610000
hbar**2/(2m) en uma*K A**2                    24.2543684668
hbar**2/(2m) en uma* cm-1                     16.8576292014
1 cm-1 en K                                    1.4387769583
K en meV                                       0.0861329640
hbar**2/(2m) en uma*eV A**2                    2.0891006466
Esquema de ocupacion de los espines
N de atomos de helio3       0   1   2   3   4   5   6   7   8
Ocupacion up                0   1   1   2   3   4   4   4   4
Ocupacion down              0   0   1   1   1   1   2   3   4
Si hay mas de 8 he3: polarizacion de espin minima
pi                                              3.141592654



DATOS DEL SISTEMA
Energias en meV y distancias en A



DATOS DEL SISTEMA
calculo sin interaccion               F
masa helio 4 en uma            4.002600
masa helio 3 en uma            3.016040
numero de atomos de he4              20
numero de atomos de he3               0
atomos en la impureza molecular       2
atomo  1   nombre  H  masa      1.00783
atomo  2   nombre  H  masa      1.00783
    distancia en A                 H H    1.05887
Coordenadas de los atomos en el sistema intrinseco
 H    0.0000000   0.0000000  -0.5294355
 H    0.0000000   0.0000000   0.5294355
 CM en el sistema intrinseco   0.000000
tipo de potencial X-He                4
fichero potencial X-He       heh2m.pot
la impureza se traslada               T
la impureza no se traslada            F
la impureza rota                      T



DATOS MONTE CARLO
semilla num aleatorios               97
opcion de calculo                     7
enermin energia minima                T
minimiza energia con Metropolis
delta pasos metropolis he4     0.960000
delta pasos metropolis he3     1.000000
delta pasos metropol impureza  0.295000
delta giros metropol grados   55.700000
delta giros metropol rad       0.972148
etrial energia prueba dmc  -631.8000000
dtau paso de tiempo dmc        0.000100
bloques de equilibrio                 1
pasos de descorrelacion              10
bloques de calculo                   59
pasos por bloque                     20
numero de walkers                  2000
pasos para cambiar etrial            10



DATOS FUNCION DE ONDA
     << f(r)=exp(-0.5*(b/r)**nu+alfa*r) >> 
     << eta(r)=bb/r**3) >> 
b he4, incremento simplex                3.139383  0.100000
nu he4, incremento simplex               4.725025 -0.400000
alfa he4, incremento simplex             0.009428 -0.000700
b he3, incremento simplex                0.000000  0.000000
nu he3, incremento simplex               1.000000  0.000000
alfa he3, incremento simplex             1.000000  0.000000
bb backflow, incremento simplex          0.000000  0.000000
b mezclas, incremento simplex            0.000000  0.000000
nu mezclas, incremento simplex           1.000000  0.000000
alfa mezclas, incremento simplex         0.000000  0.000000
     << f_l(r)=exp(-0.5*(b_l/r)**nu_l+alfa*r**p4_l-p5_l*ln(r)) >> 
lmax Legendre impureza-he4                      4
l=    0  b he4                           1.680309 -0.120000
l=    0  nu he4                          9.763290  0.800000
l=    0  alfa he4                        0.643208 -0.050000
l=    0  p4 he4                          0.129298  0.030000
l=    0  p5 he4                         13.568705 -0.700000
l=    1  b he4                           0.000000  0.000000
l=    1  nu he4                          1.000000  0.000000
l=    1  alfa he4                        0.000000  0.000000
l=    1  p4 he4                          0.000000  0.000000
l=    1  p5 he4                          0.000000  0.000000
l=    2  b he4                           3.033954 -0.100000
l=    2  nu he4                          3.155952 -0.150000
l=    2  alfa he4                        0.004908  0.000500
l=    2  p4 he4                          0.084248  0.007000
l=    2  p5 he4                          0.000706 -0.000060
l=    3  b he4                           0.000000  0.000000
l=    3  nu he4                          1.000000  0.000000
l=    3  alfa he4                        0.000000  0.000000
l=    3  p4 he4                          0.000000  0.000000
l=    3  p5 he4                          0.000000  0.000000
l=    4  b he4                           0.732198  0.080000
l=    4  nu he4                         11.036848 -0.900000
l=    4  alfa he4                        0.078598  0.008000
l=    4  p4 he4                          0.096948  0.004000
l=    4  p5 he4                          0.020823  0.002000
lmax Legendre impureza-he3                      0
l=    0  b he3                           0.000000  0.000000
l=    0  nu he3                          0.000000  0.000000
l=    0  alfa he3                        1.000000  0.000000
l=    0  p4 he3                          1.000000  0.000000
l=    0  p5 he3                          0.000000  0.000000



numero de constituyentes del sistema           21
numero de atomos en la gota (he4 y he3)        20
numero de cm que se trasladan                  21
hay impureza en la gota                         T
nombre de la impureza                            HH        
masa de la impureza en uma               2.015650
la impureza es una molecula                     T
momento de inercia molecular             0.564991
la molecula rota                                T
la impureza realiza traslacion                  T
constituyentes del sistema=atomos en la gota+1           21        21
cm que se trasladan=constituyentes del sistema           21        21
 
hb2/(2*mhe4) en meV A**2       0.521936
hb2/(2*mhe3) en meV A**2       0.692663
 
hb2/(2*mx) en meV A**2         1.036440
B=hb2/(2*I) en meV             3.697585
B=hb2/(2*I) en cm-1           29.837006
B=hb2/(2*I) en MHz    894490.9400763081
J, E_J=J*(J+1)*B en meV     1   7.39517
J, E_J=J*(J+1)*B en meV     2  22.18551
J, E_J=J*(J+1)*B en meV     3  44.37101
J, E_J=J*(J+1)*B en meV     4  73.95169
J, E_J=J*(J+1)*B en meV     5 110.92754
J, E_J=J*(J+1)*B en meV     6 155.29855
 
Parametros he4:    0.5*(b**nu),nu,alfa      111.31963     4.72502     0.00943
Parametros he3:    0.5*(b**nu),nu,alfa,bb     0.00000     1.00000     1.00000     0.00000
Parametros mezcla: 0.5*(b**nu),nu,alfa        0.00000     1.00000     0.00000
Parametros impureza he4: 0.5*(b**nu),nu,alfa,p4,p5
l=  0                   79.34319     9.76329     0.64321     0.12930    13.56870
l=  1                    0.00000     1.00000     0.00000     0.00000     0.00000
l=  2                   16.60226     3.15595     0.00491     0.08425     0.00071
l=  3                    0.00000     1.00000     0.00000     0.00000     0.00000
l=  4                    0.01603    11.03685     0.07860     0.09695     0.02082
Parametros impureza he3: 0.5*(b**nu),nu,alfa,p4,p5
l=  0                    0.50000     0.00000     1.00000     1.00000     0.00000
Leyendo los parametros del potencial H2p-He
Referencia potencial         He-H2+ Breton et al. Preprint 2023



                   NOMBRE DEL CALCULO: 20.00.HH        



DATOS CALCULO EN PARALELO
procesos en cada maquina (solo PVM)             2
calculo en serie
numero de calculos                              1
 proceso numero            1
 numero de walkers en este proceso         2000
 semilla para este proceso          252534123491608


DATOS DE LAS CONFIGURACIONES INICIALES
configuraciones segun fichero                   1
    configuraciones leidas del fichero          1
    Se usan las configuraciones del fichero
    en el fichero hay menos configuraciones de las necesarias
configuraciones que hay que repetir          1999
se eligen aleatoriamente las que se repiten
se usa esta semilla                     252534123491608
configuraciones iniciales totales            2000
energia media                               -615.5737694991
elegimos el walker                            944
energia del walker                          -615.5737694990
e poten del walker                         -1078.0865541324
 *****************************************************



 *****************************************************
 Comienza el 27 de Agosto de 2026,   9:29:40.786
 Calculo en el ordenador: blanca-Victus-by-HP-Gaming-Laptop-15-fb3xxx
 *****************************************************


================================================================================
                   CALCULO Diffusion Monte Carlo
================================================================================
==================Bloques para EQUILIBRIO=======================================
    Bloque  Blq/Proc   Proceso <E_bloque>       <E_calculo>   <E_growth>   <Poblacion> 
       1       1       1   -619.12033008   -619.12033008   -609.19813837   1987.50
=====================Bloques de CALCULO=========================================
    Bloque  Blq/Proc   Proceso <E_bloque>       <E_calculo>   <E_growth>   <Poblacion> 
       1       1       1   -638.31666501   -638.31666501   -643.01686322   1996.20
       2       2       1   -665.09018938   -651.70342719   -654.50470876   2039.72
       3       3       1   -682.28548573   -661.89744671   -663.14018183   2077.13
       4       4       1   -688.93124424   -668.65589609   -669.71545589   2109.70
       5       5       1   -692.31978936   -673.38867474   -674.47082924   2137.78
       6       6       1   -691.79232684   -676.45595009   -677.64354563   2157.64
       7       7       1   -695.12743791   -679.12330549   -680.20899922   2173.39
       8       8       1   -702.04082678   -681.98799565   -683.10723123   2188.03
       9       9       1   -696.94144238   -683.64948974   -685.11779690   2200.39
      10      10       1   -696.14014576   -684.89855534   -685.92376794   2208.09
      11      11       1   -693.50026656   -685.68052908   -687.15419202   2215.15
      12      12       1   -690.85050062   -686.11136005   -687.57226431   2219.85
      13      13       1   -694.09874074   -686.72577394   -688.12694303   2223.57
      14      14       1   -697.26809146   -687.47879662   -688.92792417   2227.12
      15      15       1   -696.95245621   -688.11037393   -689.58445916   2230.79
      16      16       1   -694.92991407   -688.53659519   -690.02104672   2234.21
      17      17       1   -692.58886529   -688.77496402   -690.35289261   2236.76
      18      18       1   -687.24935545   -688.69020799   -689.76085055   2237.04
      19      19       1   -687.50662165   -688.62791397   -689.57473618   2236.29
      20      20       1   -688.49660163   -688.62134835   -689.34774406   2235.49
      21      21       1   -686.87987188   -688.53842090   -688.80466820   2234.46
      22      22       1   -688.04856033   -688.51615451   -688.74640598   2233.14
      23      23       1   -686.38992653   -688.42370982   -688.74450521   2233.31
      24      24       1   -686.12088218   -688.32775866   -688.68243670   2233.70
      25      25       1   -682.99124969   -688.11429831   -688.38900235   2233.46
      26      26       1   -686.50467704   -688.05238980   -688.42276078   2233.10
      27      27       1   -684.35958414   -687.91561922   -688.05354812   2232.42
      28      28       1   -680.61142952   -687.65475530   -687.71724575   2231.35
      29      29       1   -676.68660754   -687.27654331   -687.23107218   2230.07
      30      30       1   -677.70146495   -686.95737403   -686.73619010   2228.29
      31      31       1   -679.44005435   -686.71487984   -686.53701565   2226.92
      32      32       1   -677.25321720   -686.41920289   -686.11285250   2225.66
      33      33       1   -675.40186592   -686.08534419   -685.69251440   2224.18
      34      34       1   -675.29103774   -685.76786459   -685.34260683   2222.42
      35      35       1   -674.09555552   -685.43437005   -684.99510051   2221.28
      36      36       1   -673.40776834   -685.10029778   -684.52587191   2219.47
      37      37       1   -671.31045995   -684.72759946   -684.22078936   2217.89
      38      38       1   -669.20476977   -684.31910394   -683.98717383   2217.05
      39      39       1   -668.16206004   -683.90482076   -683.49494530   2215.57
      40      40       1   -669.32059117   -683.54021502   -683.16045788   2214.21
      41      41       1   -667.73248632   -683.15466066   -682.87456217   2212.77
      42      42       1   -670.50569193   -682.85349474   -682.46639456   2211.19
      43      43       1   -667.57817551   -682.49825476   -682.09163458   2209.69
      44      44       1   -676.51044150   -682.36216809   -681.91997182   2208.41
      45      45       1   -674.42418209   -682.18576840   -681.84284388   2207.99
      46      46       1   -666.72133984   -681.84958517   -681.47747426   2206.99
      47      47       1   -663.49505474   -681.45906325   -681.01181419   2205.58
      48      48       1   -659.17307344   -680.99477180   -680.61414721   2203.95
      49      49       1   -659.03153817   -680.54654254   -680.18502784   2202.07
      50      50       1   -680.31030643   -680.54181782   -680.18289057   2201.32
      51      51       1   -665.46935953   -680.24627942   -679.88712109   2200.59
      52      52       1   -660.77951401   -679.87191855   -679.52739388   2199.23
      53      53       1   -659.00118511   -679.47813112   -679.15397936   2197.73
      54      54       1   -657.09441173   -679.06361780   -678.82218460   2196.17
      55      55       1   -661.69992143   -678.74791423   -678.54003373   2194.90
      56      56       1   -661.14328865   -678.43354592   -678.35029274   2194.07
      57      57       1   -657.92965401   -678.07382851   -677.98886892   2192.83
      58      58       1   -656.86547843   -677.70816731   -677.58729964   2191.33
      59      59       1   -659.79518022   -677.40455736   -677.27470922   2189.86
Warning: ieee_inexact is signaling
FORTRAN STOP
 tiempo total opcion7 (pipeline):      20.4669 s
================================================================================


================================================================================
         RESULTADOS DEL CALCULO        
================================================================================
Resultados en meV
meV Energia cinetica     =  0.0001000      214.3343062043 +/-       5.05643384
meV Energia potencial    =  0.0001000     -891.7388635593 +/-       5.37121916
meV Energia total        =  0.0001000     -677.4045573550 +/-       1.80329062
meV Energia rotacion     =  0.0001000       55.0411163741 +/-       1.42414981
meV Energia trasl impur  =  0.0001000       58.5429644244 +/-       1.80206851
meV Energia growth       =  0.0001000     -677.2747092222 +/-       1.82324449
meV Poblacion media      =  0.0001000     2189.8550847458 +/-       8.15058826
meV Estadistica          =  0.0001000    4.3797101695E+04 +/-   1.63011765E+02
================================================================================
Resultados en K
K Energia cinetica       =  0.0001000     2488.4120572674 +/-      58.70497893
K Energia potencial      =  0.0001000   -10353.0497721617 +/-      62.35962300
K Energia total          =  0.0001000    -7864.6377148944 +/-      20.93612639
K Energia rotacion       =  0.0001000      639.0249888423 +/-      16.53431792
K Energia trasl impur    =  0.0001000      679.6812937770 +/-      20.92193778
K Energia growth         =  0.0001000    -7863.1301836694 +/-      21.16778990
================================================================================
Resultados en cm-1
cm-1 Energia cinetica    =  0.0001000     1729.5328806112 +/-      40.80200103
cm-1 Energia potencial   =  0.0001000    -7195.7294786707 +/-      43.34210570
cm-1 Energia total       =  0.0001000    -5466.1965980595 +/-      14.55133561
cm-1 Energia rotacion    =  0.0001000      444.1445806804 +/-      11.49192571
cm-1 Energia trasl impur =  0.0001000      472.4021258821 +/-      14.54147403
cm-1 Energia growth      =  0.0001000    -5465.1488114542 +/-      14.71234980
================================================================================
Poblacion media      =   2.542412E+04 +/-  9.46280E+01
Estadistica          =   5.084825E+05 +/-  1.89256E+03



 *****************************************************
 Finaliza el 27 de Agosto de 2026,   9:30: 1.285
 Calculo en el ordenador: blanca-Victus-by-HP-Gaming-Laptop-15-fb3xxx
 *****************************************************


 *****************************************************
 tiempo de CPU en s    20.49927    
 tiempo de CPU en m   0.3416544    
 tiempo de CPU en h   5.6942408E-03
 tiempo de CPU en d   2.3726004E-04
 *****************************************************
energia final de las configuraciones        -615.5737694991
 numero de walkers que tengo finales         2000
 numero de walkers de partida en la simulacion         2000
