


VALORES DE LAS CONSTANTES EN ESTE CALCULO
    Constantes fisicas segun CODATA 2010
velocidad de la luz en m/s                      299792458.0
radio de Bohr en A                           0.529177210670
k_Boltzmann en eV/K                        8.6173324000E-05
hbarra*c en MeV*fm                           197.3269718000
uma en MeV/c**2                              931.4940610000
hbar**2/(2m) en uma*K A**2                    24.2543684668
hbar**2/(2m) en uma* cm-1                     16.8576292014
1 cm-1 en K                                    1.4387769583
K en meV                                       0.0861329640
hbar**2/(2m) en uma*eV A**2                    2.0891006466
Esquema de ocupacion de los espines
N de atomos de helio3       0   1   2   3   4   5   6   7   8
Ocupacion up                0   1   1   2   3   4   4   4   4
Ocupacion down              0   0   1   1   1   1   2   3   4
Si hay mas de 8 he3: polarizacion de espin minima
pi                                              3.141592654



DATOS DEL SISTEMA
Energias en meV y distancias en A



DATOS DEL SISTEMA
calculo sin interaccion               F
masa helio 4 en uma            4.002600
masa helio 3 en uma            3.016040
numero de atomos de he4              20
numero de atomos de he3               0
atomos en la impureza molecular       2
atomo  1   nombre  H  masa      1.00783
atomo  2   nombre  H  masa      1.00783
    distancia en A                 H H    1.05887
Coordenadas de los atomos en el sistema intrinseco
 H    0.0000000   0.0000000  -0.5294355
 H    0.0000000   0.0000000   0.5294355
 CM en el sistema intrinseco  -0.000000
tipo de potencial X-He                4
fichero potencial X-He       heh2m.pot
la impureza se traslada               T
la impureza no se traslada            F
la impureza rota                      T



DATOS MONTE CARLO
semilla num aleatorios               11
opcion de calculo                     1
enermin energia minima                T
minimiza energia con Metropolis
delta pasos metropolis he4     0.960000
delta pasos metropolis he3     1.000000
delta pasos metropol impureza  0.295000
delta giros metropol grados   55.700000
delta giros metropol rad       0.972148
etrial energia prueba dmc  -631.8000000
dtau paso de tiempo dmc        0.000100
bloques de equilibrio                 1
pasos de descorrelacion              10
bloques de calculo                   10
pasos por bloque                   1000
numero de walkers                  2000
pasos para cambiar etrial            10



DATOS FUNCION DE ONDA
     << f(r)=exp(-0.5*(b/r)**nu+alfa*r) >> 
     << eta(r)=bb/r**3) >> 
b he4, incremento simplex                3.139383  0.100000
nu he4, incremento simplex               4.725025 -0.400000
alfa he4, incremento simplex             0.009428 -0.000700
b he3, incremento simplex                0.000000  0.000000
nu he3, incremento simplex               1.000000  0.000000
alfa he3, incremento simplex             1.000000  0.000000
bb backflow, incremento simplex          0.000000  0.000000
b mezclas, incremento simplex            0.000000  0.000000
nu mezclas, incremento simplex           1.000000  0.000000
alfa mezclas, incremento simplex         0.000000  0.000000
     << f_l(r)=exp(-0.5*(b_l/r)**nu_l+alfa*r**p4_l-p5_l*ln(r)) >> 
lmax Legendre impureza-he4                      4
l=    0  b he4                           1.680309 -0.120000
l=    0  nu he4                          9.763290  0.800000
l=    0  alfa he4                        0.643208 -0.050000
l=    0  p4 he4                          0.129298  0.030000
l=    0  p5 he4                         13.568705 -0.700000
l=    1  b he4                           0.000000  0.000000
l=    1  nu he4                          1.000000  0.000000
l=    1  alfa he4                        0.000000  0.000000
l=    1  p4 he4                          0.000000  0.000000
l=    1  p5 he4                          0.000000  0.000000
l=    2  b he4                           3.033954 -0.100000
l=    2  nu he4                          3.155952 -0.150000
l=    2  alfa he4                        0.004908  0.000500
l=    2  p4 he4                          0.084248  0.007000
l=    2  p5 he4                          0.000706 -0.000060
l=    3  b he4                           0.000000  0.000000
l=    3  nu he4                          1.000000  0.000000
l=    3  alfa he4                        0.000000  0.000000
l=    3  p4 he4                          0.000000  0.000000
l=    3  p5 he4                          0.000000  0.000000
l=    4  b he4                           0.732198  0.080000
l=    4  nu he4                         11.036848 -0.900000
l=    4  alfa he4                        0.078598  0.008000
l=    4  p4 he4                          0.096948  0.004000
l=    4  p5 he4                          0.020823  0.002000
lmax Legendre impureza-he3                      0
l=    0  b he3                           0.000000  0.000000
l=    0  nu he3                          0.000000  0.000000
l=    0  alfa he3                        1.000000  0.000000
l=    0  p4 he3                          1.000000  0.000000
l=    0  p5 he3                          0.000000  0.000000



numero de constituyentes del sistema           21
numero de atomos en la gota (he4 y he3)        20
numero de cm que se trasladan                  21
hay impureza en la gota                         T
nombre de la impureza                            HH        
masa de la impureza en uma               2.015650
la impureza es una molecula                     T
momento de inercia molecular             0.564991
la molecula rota                                T
la impureza realiza traslacion                  T
constituyentes del sistema=atomos en la gota+1           21        21
cm que se trasladan=constituyentes del sistema           21        21
 
hb2/(2*mhe4) en meV A**2       0.521936
hb2/(2*mhe3) en meV A**2       0.692663
 
hb2/(2*mx) en meV A**2         1.036440
B=hb2/(2*I) en meV             3.697585
B=hb2/(2*I) en cm-1           29.837006
B=hb2/(2*I) en MHz    894490.9400763081
J, E_J=J*(J+1)*B en meV     1   7.39517
J, E_J=J*(J+1)*B en meV     2  22.18551
J, E_J=J*(J+1)*B en meV     3  44.37101
J, E_J=J*(J+1)*B en meV     4  73.95169
J, E_J=J*(J+1)*B en meV     5 110.92754
J, E_J=J*(J+1)*B en meV     6 155.29855
 
Parametros he4:    0.5*(b**nu),nu,alfa      111.31963     4.72502     0.00943
Parametros he3:    0.5*(b**nu),nu,alfa,bb     0.00000     1.00000     1.00000     0.00000
Parametros mezcla: 0.5*(b**nu),nu,alfa        0.00000     1.00000     0.00000
Parametros impureza he4: 0.5*(b**nu),nu,alfa,p4,p5
l=  0                   79.34319     9.76329     0.64321     0.12930    13.56870
l=  1                    0.00000     1.00000     0.00000     0.00000     0.00000
l=  2                   16.60226     3.15595     0.00491     0.08425     0.00071
l=  3                    0.00000     1.00000     0.00000     0.00000     0.00000
l=  4                    0.01603    11.03685     0.07860     0.09695     0.02082
Parametros impureza he3: 0.5*(b**nu),nu,alfa,p4,p5
l=  0                    0.50000     0.00000     1.00000     1.00000     0.00000
Leyendo los parametros del potencial H2p-He
Referencia potencial         He-H2+ Breton et al. Preprint 2023



                   NOMBRE DEL CALCULO: 20.00.HH        



DATOS CALCULO EN PARALELO
procesos en cada maquina (solo PVM)             2
calculo en serie
numero de calculos                              1
 proceso numero            1
 numero de walkers en este proceso         2000
 semilla para este proceso                      648


DATOS DE LAS CONFIGURACIONES INICIALES
configuraciones segun fichero                   1
    configuraciones leidas del fichero          1
    Se usan las configuraciones del fichero
    en el fichero hay menos configuraciones de las necesarias
configuraciones que hay que repetir          1999
se eligen aleatoriamente las que se repiten
se usa esta semilla                                 648
configuraciones iniciales totales            2000
energia media                               -615.5737694991
elegimos el walker                              1
energia del walker                          -615.5737694990
e poten del walker                         -1078.0865541324
 *****************************************************



 *****************************************************
 Comienza el 26 de Julio de 2026,  17:57:43.184
 Calculo en el ordenador: blanca-Victus-by-HP-Gaming-Laptop-15-fb3xxx
 *****************************************************
================================================================================
                   CALCULO Monte Carlo Variacional
================================================================================
==================Bloques para EQUILIBRIO=======================================
    Bloque  Blq/Proc   Proceso       <E_bloque>       <E_calculo>    %aceptacion  %ace he4  %ace he3  %ace imp  %ace rot
         1         1         1     -253.2646873593     -253.2646873593     96.98     96.53      0.00    100.00     99.98
=====================Bloques de CALCULO=========================================
    Bloque  Blq/Proc   Proceso       <E_bloque>       <E_calculo>    %aceptacion  %ace he4  %ace he3  %ace imp  %ace rot
         1         1         1     -269.2967520837     -269.2967520837     96.99     96.54      0.00    100.00    100.00
         2         2         1     -286.4576361657     -277.8771941247     96.99     96.54      0.00    100.00    100.00
         3         3         1     -275.3280095088     -277.0274659194     96.99     96.54      0.00    100.00    100.00
         4         4         1     -286.2703580548     -279.3381889533     96.99     96.54      0.00    100.00    100.00
         5         5         1     -296.2113749406     -282.7128261507     96.99     96.54      0.00    100.00    100.00
         6         6         1     -304.8342410907     -286.3997286407     96.99     96.54      0.00    100.00    100.00
         7         7         1     -311.5983152286     -289.9995267247     96.99     96.54      0.00    100.00    100.00
         8         8         1     -337.5794381314     -295.9470156505     96.99     96.54      0.00    100.00    100.00
         9         9         1     -352.6778724930     -302.2504441886     96.99     96.54      0.00    100.00    100.00
        10        10         1     -358.7408776959     -307.8994875393     96.99     96.54      0.00    100.00    100.00
Warning: ieee_underflow is signaling
Warning: ieee_inexact is signaling
FORTRAN STOP
================================================================================


================================================================================
         RESULTADOS DEL CALCULO        
% aceptacion metropolis       96.98817
================================================================================
Resultados en meV
meV Energia cinetica     =    -222.99473469 +/-    13.58458136
meV Energia potencial    =     -84.90475285 +/-     3.66651443
meV Energia total        =    -307.89948754 +/-    10.06047482
meV Energia rotacion mol =    -165.04062213 +/-    14.19465378
meV Energia traslacion i =       2.09683395 +/-     0.46356394
================================================================================
Resultados en K
K   Energia cinetica     =   -2588.95925867 +/-   157.71640408
K   Energia potencial    =    -985.74052126 +/-    42.56807448
K   Energia total        =   -3574.69977993 +/-   116.80167900
K   Energia rotacion mol =   -1916.11450975 +/-   164.79931857
K   Energia traslacion i =      24.34415173 +/-     5.38195732
================================================================================
Resultados en cm-1
cm-1 Energia cinetica    =   -1799.41668075 +/-   109.61838329
cm-1 Energia potencial   =    -685.12392804 +/-    29.58629149
cm-1 Energia total       =   -2484.54060880 +/-    81.18122710
cm-1 Energia rotacion mo =   -1331.76619120 +/-   114.54125507
cm-1 Energia traslacion  =      16.92003169 +/-     3.74064742
================================================================================



 *****************************************************
 Finaliza el 26 de Julio de 2026,  17:57:48. 23
 Calculo en el ordenador: blanca-Victus-by-HP-Gaming-Laptop-15-fb3xxx
 *****************************************************


 *****************************************************
 tiempo de CPU en s    4.839219    
 tiempo de CPU en m   8.0653653E-02
 tiempo de CPU en h   1.3442276E-03
 tiempo de CPU en d   5.6009481E-05
 *****************************************************
energia final de las configuraciones         -25.7073219339
 numero de walkers que tengo finales         2000
 numero de walkers de partida en la simulacion         2000
